// Jest Snapshot v1, https://goo.gl/fbAQLP

exports[`should compare Constant with snapshot 1`] = `
Object {
  "DATE_FORMAT": "ll",
  "DEFAULT_PLACEHOLDER": "Type a message...",
  "MAX_COMPOSER_HEIGHT": 200,
  "MIN_COMPOSER_HEIGHT": 33,
  "TEST_ID": Object {
    "LOADING_WRAPPER": "GC_LOADING_CONTAINER",
    "SEND_TOUCHABLE": "GC_SEND_TOUCHABLE",
    "WRAPPER": "GC_WRAPPER",
  },
  "TIME_FORMAT": "LT",
}
`;
