// Jest Snapshot v1, https://goo.gl/fbAQLP

exports[`should render <MessageContainer /> and compare with snapshot 1`] = `
<View
  style={
    Object {
      "flex": 1,
    }
  }
>
  <RCTScrollView
    ListEmptyComponent={[Function]}
    ListFooterComponent={[Function]}
    ListHeaderComponent={[Function]}
    automaticallyAdjustContentInsets={false}
    contentContainerStyle={
      Object {
        "flexGrow": 1,
        "justifyContent": "flex-start",
      }
    }
    data={Array []}
    disableVirtualization={false}
    enableEmptySections={true}
    extraData={null}
    getItem={[Function]}
    getItemCount={[Function]}
    horizontal={false}
    initialNumToRender={10}
    invertStickyHeaders={true}
    inverted={true}
    keyExtractor={[Function]}
    maxToRenderPerBatch={10}
    numColumns={1}
    onContentSizeChange={[Function]}
    onEndReachedThreshold={2}
    onLayout={[Function]}
    onMomentumScrollEnd={[Function]}
    onScroll={[Function]}
    onScrollBeginDrag={[Function]}
    onScrollEndDrag={[Function]}
    removeClippedSubviews={false}
    renderItem={[Function]}
    scrollEventThrottle={100}
    stickyHeaderIndices={Array []}
    style={
      Array [
        Object {
          "transform": Array [
            Object {
              "scaleY": -1,
            },
          ],
        },
        Object {
          "flex": 1,
        },
      ]
    }
    updateCellsBatchingPeriod={50}
    viewabilityConfigCallbackPairs={Array []}
    windowSize={21}
  >
    <View>
      <View
        onLayout={[Function]}
        style={
          Object {
            "transform": Array [
              Object {
                "scaleY": -1,
              },
            ],
          }
        }
      />
      <View
        style={
          Object {
            "flex": 1,
          }
        }
      />
      <View
        onLayout={[Function]}
        style={
          Object {
            "transform": Array [
              Object {
                "scaleY": -1,
              },
            ],
          }
        }
      >
        <View
          style={
            Object {
              "flex": 1,
            }
          }
        />
      </View>
    </View>
  </RCTScrollView>
</View>
`;
