// Jest Snapshot v1, https://goo.gl/fbAQLP

exports[`SystemMessage should not render <SystemMessage /> and compare with snapshot 1`] = `null`;

exports[`SystemMessage should render <SystemMessage /> and compare with snapshot 1`] = `
<View
  style={
    Array [
      Object {
        "alignItems": "center",
        "flex": 1,
        "justifyContent": "center",
        "marginBottom": 10,
        "marginTop": 5,
      },
      undefined,
    ]
  }
>
  <View>
    <Text
      style={
        Array [
          Object {
            "backgroundColor": "transparent",
            "color": "#b2b2b2",
            "fontSize": 12,
            "fontWeight": "300",
          },
          undefined,
        ]
      }
    >
      test
    </Text>
  </View>
</View>
`;
