// Jest Snapshot v1, https://goo.gl/fbAQLP

exports[`Time should not render <Time /> and compare with snapshot 1`] = `null`;

exports[`Time should render <Time /> and compare with snapshot 1`] = `
<View
  style={
    Array [
      Object {
        "marginBottom": 5,
        "marginLeft": 10,
        "marginRight": 10,
      },
      undefined,
    ]
  }
>
  <Text
    style={
      Array [
        Object {
          "backgroundColor": "transparent",
          "color": "#aaa",
          "fontSize": 10,
          "textAlign": "right",
        },
        undefined,
      ]
    }
  >
    10:05 AM
  </Text>
</View>
`;
